
> dashboard@0.1.0 build
> next build

  Γû▓ Next.js 14.2.15
  - Environments: .env.local

   Creating an optimized production build ...
 Γ£ô Compiled successfully
   Linting and checking validity of types ...
   Collecting page data ...
   Generating static pages (0/19) ...
   Generating static pages (4/19) 
   Generating static pages (9/19) 
   Generating static pages (14/19) 
 Γ£ô Generating static pages (19/19)
   Finalizing page optimization ...
   Collecting build traces ...

Route (app)                              Size     First Load JS
Γöî ╞Æ /                                    198 B          94.9 kB
Γö£ Γùï /_not-found                          876 B          88.2 kB
Γö£ ╞Æ /admin                               967 B           199 kB
Γö£ ╞Æ /admin/analytics                     1.54 kB         210 kB
Γö£ ╞Æ /admin/settings                      3.17 kB        90.5 kB
Γö£ ╞Æ /admin/staff                         3.19 kB        90.5 kB
Γö£ ╞Æ /api/admin/analytics                 0 B                0 B
Γö£ ╞Æ /api/admin/staff                     0 B                0 B
Γö£ ╞Æ /api/auth/[...nextauth]              0 B                0 B
Γö£ ╞Æ /api/households                      0 B                0 B
Γö£ ╞Æ /api/patients                        0 B                0 B
Γö£ ╞Æ /api/patients/[id]/vitals            0 B                0 B
Γö£ Γùï /api/seed                            0 B                0 B
Γö£ ╞Æ /asha                                198 B          94.9 kB
Γö£ ╞Æ /asha/alerts                         198 B          94.9 kB
Γö£ ╞Æ /asha/modules                        5.12 kB        92.5 kB
Γö£ ╞Æ /asha/patients                       198 B          94.9 kB
Γö£ ╞Æ /asha/patients/[id]                  4.57 kB         215 kB
Γö£ Γùï /login                               2.46 kB        99.5 kB
Γö£ ╞Æ /patient                             198 B          94.9 kB
Γö£ ╞Æ /patient/profile                     845 B          88.2 kB
Γö£ ╞Æ /patient/records                     845 B          88.2 kB
Γöö ╞Æ /patient/vitals                      2.69 kB         212 kB
+ First Load JS shared by all            87.3 kB
  Γö£ chunks/117-44795a93dd278d3f.js       31.8 kB
  Γö£ chunks/fd9d1056-411b8ff9d2e2e163.js  53.6 kB
  Γöö other shared chunks (total)          1.96 kB


Γùï  (Static)   prerendered as static content
╞Æ  (Dynamic)  server-rendered on demand

